<?xml version="1.0" encoding="utf-8"?><testsuites name="pytest tests"><testsuite name="pytest" errors="0" failures="0" skipped="0" tests="4" time="0.058" timestamp="2026-10-06T08:11:56.437494+05:45" hostname="momo12"><testcase classname="banktest" name="test_account_creation" time="0.001" /><testcase classname="banktest" name="test_deposit" time="0.001" /><testcase classname="banktest" name="test_withdraw" time="0.001" /><testcase classname="banktest" name="test_withdraw_too_much" time="0.001" /></testsuite></testsuites>